// Jest Snapshot v1, https://goo.gl/fbAQLP

exports[`Spoiler component test Should render spoiler 1`] = `
<div>
  <details
    class="mb-4"
  >
    <summary>
      TestSpoiler
    </summary>
    <div
      class="ms-4"
    >
      <h1>
        Hidden text
      </h1>
    </div>
  </details>
</div>
`;
