// Jest Snapshot v1, https://goo.gl/fbAQLP

exports[`new admin lessons page tests should not render any components if lessons data does not load 1`] = `
<div>
  <nav
    class="navbar navbar navbar-expand-lg navbar-light bg-white"
    id="appNav"
  >
    <div
      class="container"
    >
      <a
        class="navbar-brand"
        href="/"
      >
        <div
          class="navbar-brand text-primary fw-bold"
        >
          C0D3
          
        </div>
      </a>
      <button
        aria-controls="basic-navbar-nav"
        aria-label="Toggle navigation"
        class="navbar-toggler collapsed"
        type="button"
      >
        <span
          class="navbar-toggler-icon"
        />
      </button>
      <div
        class="text-center navbar-collapse collapse"
        id="basic-navbar-nav"
      >
        <div
          class="m-auto navbar-nav"
        >
          <a
            class="nav-item nav-link px-3 noUnderline"
            href="/curriculum"
          >
            Curriculum
          </a>
          <a
            class="nav-item nav-link px-3 noUnderline"
            href="https://github.com/garageScript/c0d3-app"
            rel="noopener noreferrer"
            target="_blank"
          >
            Repo
          </a>
          <a
            class="nav-item nav-link px-3 noUnderline"
            href="/docs/learn"
          >
            Learn
          </a>
          <a
            class="nav-item nav-link px-3 noUnderline"
            href="https://discord.gg/c0d3"
            rel="noopener noreferrer"
            target="_blank"
          >
            Community
          </a>
        </div>
        <div
          class="nav-buttons"
        >
          <a
            class="btn m-2 me-lg-3 login-btn noUnderline"
            href="/login"
          >
            Login
          </a>
          <a
            class="btn m-2 me-lg-3 signup-btn noUnderline"
            href="/signup"
          >
            Signup
          </a>
        </div>
      </div>
    </div>
  </nav>
  <div
    class="container-md container"
  >
    <h1>
      You must be admin to access this page
    </h1>
  </div>
  <footer
    class="mt-5 fw-light text-center pb-5 text-muted"
  >
    Â© Copyright 2022 GarageScript
  </footer>
</div>
`;

exports[`new admin lessons page tests should render adminLessonCard components and show number of pending questions 1`] = `
<div>
  <nav
    class="navbar navbar navbar-expand-lg navbar-light bg-white"
    id="appNav"
  >
    <div
      class="container"
    >
      <a
        class="navbar-brand"
        href="/"
      >
        <div
          class="navbar-brand text-primary fw-bold"
        >
          C0D3
          <span
            class="isAdminBadge badge"
          >
             ADMIN 
          </span>
        </div>
      </a>
      <button
        aria-controls="basic-navbar-nav"
        aria-label="Toggle navigation"
        class="navbar-toggler collapsed"
        type="button"
      >
        <span
          class="navbar-toggler-icon"
        />
      </button>
      <div
        class="text-center navbar-collapse collapse"
        id="basic-navbar-nav"
      >
        <div
          class="m-auto navbar-nav"
        >
          <a
            class="nav-item nav-link px-3 noUnderline"
            href="/curriculum"
          >
            Curriculum
          </a>
          <a
            class="nav-item nav-link px-3 noUnderline"
            href="https://github.com/garageScript/c0d3-app"
            rel="noopener noreferrer"
            target="_blank"
          >
            Repo
          </a>
          <a
            class="nav-item nav-link px-3 noUnderline"
            href="/docs/learn"
          >
            Learn
          </a>
          <a
            class="nav-item nav-link px-3 noUnderline"
            href="https://discord.gg/c0d3"
            rel="noopener noreferrer"
            target="_blank"
          >
            Community
          </a>
        </div>
        <div
          class="dropdown"
        >
          <div
            class="d-none d-lg-block"
          >
            <div
              aria-expanded="false"
              class="nav-user-toggle  dropdown-toggle"
              id="user_nav_toggle"
            >
              <div
                class="text-uppercase bg-primary rounded-circle text-light user_info_image user-icon"
              >
                A 
              </div>
              <span>
                Fakeusername
              </span>
              <svg
                aria-hidden="true"
                class="octicon octicon-chevron-down"
                fill="currentColor"
                height="16"
                role="img"
                style="display: inline-block; user-select: none; vertical-align: text-bottom; overflow: visible;"
                viewBox="0 0 16 16"
                width="16"
              >
                <path
                  d="M12.78 6.22a.75.75 0 010 1.06l-4.25 4.25a.75.75 0 01-1.06 0L3.22 7.28a.75.75 0 011.06-1.06L8 9.94l3.72-3.72a.75.75 0 011.06 0z"
                  fill-rule="evenodd"
                />
              </svg>
            </div>
          </div>
          <div
            class="d-lg-none"
          >
            <a
              class="dropdown-item dropdown-item"
              data-rr-ui-dropdown-item=""
              href="/admin/lessons"
            >
              Lessons
            </a>
            <a
              class="dropdown-item dropdown-item"
              data-rr-ui-dropdown-item=""
              href="/admin/users"
            >
              Users
            </a>
            <a
              class="dropdown-item dropdown-item"
              data-rr-ui-dropdown-item=""
              href="/admin/alerts"
            >
              Alerts
            </a>
            <a
              class="dropdown-item dropdown-item"
              data-rr-ui-dropdown-item=""
              href="/profile/fakeusername"
            >
              Profile
            </a>
            <a
              class="dropdown-item  dropdown-item"
              data-rr-ui-dropdown-item=""
              href="#"
              role="button"
              tabindex="0"
            >
              <span>
                <div
                  class="light-button d-inline"
                >
                  <button
                    class="btn border btn-light ms-2"
                    style="color: rgb(41, 41, 41);"
                  >
                    Logout
                  </button>
                </div>
              </span>
            </a>
          </div>
        </div>
      </div>
    </div>
  </nav>
  <div
    class="container-md container"
  >
    <div
      class="heading"
    >
      <span
        class="lessonText"
      >
        Lessons
      </span>
      <span>
        <button
          class="btn btn-primary button"
        >
          Add New Lesson
        </button>
      </span>
    </div>
    <div
      class="container__lessonCard__outer"
    >
      <div
        class="container__lessonCard__inner"
      >
        <div
          class="lessonCard"
        >
          <div
            class="container"
          >
            <div
              class="container__heading"
            >
              Foundations of JavaScript
            </div>
            <div
              class="container__description"
            >
              A super simple introduction to help you get started!
            </div>
            <div
              class="container__flaggedQuestions"
            >
              3
               Pending Questions
            </div>
            <a
              data-testid="button"
              href="https://www.notion.so/garagescript/JS-0-Foundations-a43ca620e54945b2b620bcda5f3cf672"
            >
              <button
                class="btn btn-secondary container__button"
              >
                Edit Lesson
              </button>
            </a>
          </div>
        </div>
        <div
          class="lessonCard"
        >
          <div
            class="container"
          >
            <div
              class="container__heading"
            >
              Variables & Functions
            </div>
            <div
              class="container__description"
            >
              Learn how to solve simple algorithm problems recursively with the following exercises. 
            </div>
            <div
              class="container__flaggedQuestions"
            >
              No
               Pending Questions
            </div>
            <a
              data-testid="button"
              href="https://www.notion.so/garagescript/JS-1-Functions-01dd8400b85f40d083966908acbfa184"
            >
              <button
                class="btn btn-secondary container__button"
              >
                Edit Lesson
              </button>
            </a>
          </div>
        </div>
        <div
          class="lessonCard"
        >
          <div
            class="container"
          >
            <div
              class="container__heading"
            >
              Arrays
            </div>
            <div
              class="container__description"
            >
              These exercises will help you gain a better understanding of what it means for a data structure to be non-primitive.
            </div>
            <div
              class="container__flaggedQuestions"
            >
              2
               Pending Questions
            </div>
            <a
              data-testid="button"
              href="https://www.notion.so/garagescript/JS-2-Arrays-8601f89c64164f188286df7b1e6d0ad9"
            >
              <button
                class="btn btn-secondary container__button"
              >
                Edit Lesson
              </button>
            </a>
          </div>
        </div>
        <div
          class="lessonCard"
        >
          <div
            class="container"
          >
            <div
              class="container__heading"
            >
              Objects
            </div>
            <div
              class="container__description"
            >
              These exercises will test your understanding of objects, which includes linked lists and trees
            </div>
            <div
              class="container__flaggedQuestions"
            >
              No
               Pending Questions
            </div>
            <a
              data-testid="button"
              href="https://www.notion.so/garagescript/JS-3-Objects-3df846eaf0404fe6b012208773063a04"
            >
              <button
                class="btn btn-secondary container__button"
              >
                Edit Lesson
              </button>
            </a>
          </div>
        </div>
        <div
          class="lessonCard"
        >
          <div
            class="container"
          >
            <div
              class="container__heading"
            >
              Front End Engineering
            </div>
            <div
              class="container__description"
            >
              Create challenging front-end mini-projects and build an understanding of Web Development. Covers the last fundamental JavaScript concept: (Complex Objects)
            </div>
            <div
              class="container__flaggedQuestions"
            >
              No
               Pending Questions
            </div>
            <a
              data-testid="button"
              href="https://www.notion.so/garagescript/JS-4-Front-End-Engineering-c59fbdd58dcc4214956f7856e0892b52"
            >
              <button
                class="btn btn-secondary container__button"
              >
                Edit Lesson
              </button>
            </a>
          </div>
        </div>
        <div
          class="lessonCard"
        >
          <div
            class="container"
          >
            <div
              class="container__heading"
            >
              End To End
            </div>
            <div
              class="container__description"
            >
              These exercises will help you build a strong understanding of how the web works.
            </div>
            <div
              class="container__flaggedQuestions"
            >
              No
               Pending Questions
            </div>
            <a
              data-testid="button"
              href="https://www.notion.so/JS-5-System-Design-Theory-67e7ee647a1c429d8e60e82f13a8d286"
            >
              <button
                class="btn btn-secondary container__button"
              >
                Edit Lesson
              </button>
            </a>
          </div>
        </div>
        <div
          class="lessonCard"
        >
          <div
            class="container"
          >
            <div
              class="container__heading"
            >
              React, GraphQL, SocketIO
            </div>
            <div
              class="container__description"
            >
              React and GraphQL Lessons
            </div>
            <div
              class="container__flaggedQuestions"
            >
              No
               Pending Questions
            </div>
            <a
              data-testid="button"
              href="/_blank"
            >
              <button
                class="btn btn-secondary container__button"
              >
                Edit Lesson
              </button>
            </a>
          </div>
        </div>
        <div
          class="lessonCard"
        >
          <div
            class="container"
          >
            <div
              class="container__heading"
            >
              JavaScript Algorithms
            </div>
            <div
              class="container__description"
            >
              Problems that are commonly asked to test your JavaScript knowledge
            </div>
            <div
              class="container__flaggedQuestions"
            >
              No
               Pending Questions
            </div>
            <a
              data-testid="button"
              href="https://docs.google.com/document/d/1ekuu6VbN7qqypm71cVHT-BkdxYSwY0BBHLK8xGXSN1U/edit"
            >
              <button
                class="btn btn-secondary container__button"
              >
                Edit Lesson
              </button>
            </a>
          </div>
        </div>
        <div
          class="lessonCard"
        >
          <div
            class="container"
          >
            <div
              class="container__heading"
            >
              Trees
            </div>
            <div
              class="container__description"
            >
              Tree problems with high difficulty
            </div>
            <div
              class="container__flaggedQuestions"
            >
              No
               Pending Questions
            </div>
            <a
              data-testid="button"
              href="/_blank"
            >
              <button
                class="btn btn-secondary container__button"
              >
                Edit Lesson
              </button>
            </a>
          </div>
        </div>
        <div
          class="lessonCard"
        >
          <div
            class="container"
          >
            <div
              class="container__heading"
            >
              General Algorithms
            </div>
            <div
              class="container__description"
            >
              General Algorithm from interviews
            </div>
            <div
              class="container__flaggedQuestions"
            >
              No
               Pending Questions
            </div>
            <a
              data-testid="button"
              href="/_blank"
            >
              <button
                class="btn btn-secondary container__button"
              >
                Edit Lesson
              </button>
            </a>
          </div>
        </div>
      </div>
    </div>
  </div>
  <footer
    class="mt-5 fw-light text-center pb-5 text-muted"
  >
    Â© Copyright 2022 GarageScript
  </footer>
</div>
`;
