// Jest Snapshot v1, https://goo.gl/fbAQLP

exports[`connect to Discord card should render card modal 1`] = `<div />`;
