// Jest Snapshot v1, https://goo.gl/fbAQLP

exports[`ContributorCard Should render ContributorCard with user data 1`] = `
<div>
  <div
    class="card shadow-sm mb-3"
  >
    <div
      class="ml-auto mr-auto mt-4 contributorCard__avatarContainer"
    >
      <div
        class="text-uppercase bg-primary rounded-circle text-light user_info_image"
      >
        AO
      </div>
    </div>
    <h2
      class="text-center mt-4"
    >
      Alexis Ortiz Ojeda
    </h2>
    <h4
      class="text-center text-muted mb-4"
    >
      @aortizoj
    </h4>
    <div
      class="card-footer"
    >
      <p>
        <svg
          class="mr-2"
          fill="none"
          height="24"
          stroke="currentColor"
          stroke-linecap="round"
          stroke-linejoin="round"
          stroke-width="2"
          viewBox="0 0 24 24"
          width="24"
          xmlns="http://www.w3.org/2000/svg"
        >
          <path
            d="M16 8a6 6 0 0 1 6 6v7h-4v-7a2 2 0 0 0-2-2 2 2 0 0 0-2 2v7h-4v-7a6 6 0 0 1 6-6z"
          />
          <rect
            height="12"
            width="4"
            x="2"
            y="9"
          />
          <circle
            cx="4"
            cy="4"
            r="2"
          />
        </svg>
        <a
          href="https://www.linkedin.com/in/alexis-ortiz-ojeda/"
        >
          LinkedIn
        </a>
      </p>
      <p>
        <svg
          class="mr-2"
          fill="none"
          height="24"
          stroke="currentColor"
          stroke-linecap="round"
          stroke-linejoin="round"
          stroke-width="2"
          viewBox="0 0 24 24"
          width="24"
          xmlns="http://www.w3.org/2000/svg"
        >
          <path
            d="M9 19c-5 1.5-5-2.5-7-3m14 6v-3.87a3.37 3.37 0 0 0-.94-2.61c3.14-.35 6.44-1.54 6.44-7A5.44 5.44 0 0 0 20 4.77 5.07 5.07 0 0 0 19.91 1S18.73.65 16 2.48a13.38 13.38 0 0 0-7 0C6.27.65 5.09 1 5.09 1A5.07 5.07 0 0 0 5 4.77a5.44 5.44 0 0 0-1.5 3.78c0 5.42 3.3 6.61 6.44 7A3.37 3.37 0 0 0 9 18.13V22"
          />
        </svg>
        <a
          href="https://github.com/garageScript/c0d3-app/pulls?q=is%3Apr+author%3Aaortizoj15"
        >
          Github Contributions
        </a>
      </p>
      <p>
        <svg
          class="mr-2"
          fill="none"
          height="24"
          stroke="currentColor"
          stroke-linecap="round"
          stroke-linejoin="round"
          stroke-width="2"
          viewBox="0 0 24 24"
          width="24"
          xmlns="http://www.w3.org/2000/svg"
        >
          <path
            d="M13 2H6a2 2 0 0 0-2 2v16a2 2 0 0 0 2 2h12a2 2 0 0 0 2-2V9z"
          />
          <polyline
            points="13 2 13 9 20 9"
          />
        </svg>
        <a
          href="https://drive.google.com/file/d/1HoMg9QHGH2qicG8bZ8hRWv7FT7GXjFB5/view"
        >
          Resume
        </a>
      </p>
      <p>
        <svg
          class="mr-2"
          fill="none"
          height="24"
          stroke="currentColor"
          stroke-linecap="round"
          stroke-linejoin="round"
          stroke-width="2"
          viewBox="0 0 24 24"
          width="24"
          xmlns="http://www.w3.org/2000/svg"
        >
          <polyline
            points="16 18 22 12 16 6"
          />
          <polyline
            points="8 6 2 12 8 18"
          />
        </svg>
        <a
          href="https://github.com/garageScript/c0d3-app/pull/67"
        >
          Code Sample
        </a>
      </p>
    </div>
  </div>
</div>
`;
