// Jest Snapshot v1, https://goo.gl/fbAQLP

exports[`FilterButtons Component Should call function with updated array as parameter when button is clicked 1`] = `
<div>
  <div
    class="d-flex flex-row"
  >
    <h4
      class="text-primary font-weight-bold mr-1"
    >
      Filter By:
    </h4>
    <div
      style="margin-top: -1.57px;"
    >
      <button
        class="btn bg-primary"
        style="color: rgb(255, 255, 255);"
      >
        Admins
      </button>
    </div>
    <div
      style="margin-top: -1.57px;"
    >
      <button
        class="btn"
        style="color: rgb(142, 142, 142);"
      >
        Non-Admins
      </button>
    </div>
    <div
      style="margin-top: -1.57px;"
    >
      <button
        class="btn"
        style="color: rgb(142, 142, 142);"
      >
        None
      </button>
    </div>
  </div>
</div>
`;
