// Jest Snapshot v1, https://goo.gl/fbAQLP

exports[`CLI c0d3 Should display help 1`] = `
"Usage: c0d3 [options]

  [1m[35mA command line interface (CLI) for c0d3.com[39m[22m

Options:
  -V, --version       Show the c0d3 cli version
  -h, --help          Display help menu

Commands:
  submit|s [options]  Submits git diff of challenge to c0d3.com
  help [command]      display help for command
"
`;
