// Jest Snapshot v1, https://goo.gl/fbAQLP

exports[`Snapshot for Layout With Layout 1`] = `
Array [
  <nav
    className="navbar navbar-expand-lg navbar-light justify-content-between bg-white"
  >
    <div
      className="container"
    >
      <a
        className="navbar-brand text-primary font-weight-bold"
        href="#"
      >
        C0D3
      </a>
      <div
        id="navbarNav"
      >
        <div
          className="navbar-nav collapse navbar-collapse"
        >
          <a
            className="nav-item nav-link active"
            href="#"
          >
            Home 
            <span
              className="sr-only"
            >
              (current)
            </span>
          </a>
          <a
            className="nav-item nav-link"
            href="#learning"
          >
            Learning Process
          </a>
          <a
            className="nav-item nav-link"
            href="#journey"
          >
            Journey
          </a>
          <a
            className="nav-item nav-link"
            href="https://chat.c0d3.com"
          >
            Help
          </a>
        </div>
      </div>
      <div>
        <a
          className="btn border mr-3"
          href="/login"
          onClick={[Function]}
          onMouseEnter={[Function]}
        >
          Login
        </a>
      </div>
    </div>
  </nav>,
  <div
    className="container"
  >
    <div
      className="row"
      style={
        Object {
          "height": "100vh",
        }
      }
    >
      <div
        className="card col-6"
      >
        <div
          className="card-body"
        >
          <h5
            className="card-title"
          >
            Card title
          </h5>
          <p
            className="card-text"
          >
            Some quick example text to build on the card title and content.
          </p>
          <a
            className="btn btn-primary"
            href="#"
          >
            Go somewhere
          </a>
        </div>
      </div>
    </div>
  </div>,
  <footer
    className="mt-5 font-weight-light text-center pb-5 text-secondary"
  >
    Â© Copyright 2020 GarageScript
    <br />
    All Rights Reserved
  </footer>,
]
`;
