// Jest Snapshot v1, https://goo.gl/fbAQLP

exports[`Index Page Should not render while page is loading 1`] = `
<div>
  <h1>
    AppNav
  </h1>
  <h1>
    LandingPage
  </h1>
  <h1>
    Footer
  </h1>
</div>
`;
